// Jest Snapshot v1, https://goo.gl/fbAQLP

exports[`model :: Player and Match re-requesting a player retrieves it from the db 1`] = `
Object {
  "result": Object {
    "data": Object {
      "player": Object {
        "id": "account.a36bed11ed214557b0ddef9ef1a56d07",
        "matches": Array [
          Object {
            "id": "adf03e47-dc31-4c43-a48c-19a094b4d86f",
          },
          Object {
            "id": "e1ede484-a581-439a-ab1c-e9d15ed502e7",
          },
          Object {
            "id": "e2b22249-3ffb-4b20-a7d5-0fdd81a855f5",
          },
          Object {
            "id": "f667b955-8f3d-43a0-b171-409bed7ff87b",
          },
          Object {
            "id": "690a4884-4898-4d3a-a02b-0b1ef7b371fa",
          },
          Object {
            "id": "170e0677-8948-4a3a-9aee-f6edbc063b6c",
          },
          Object {
            "id": "6fedabaf-ad7c-4f9c-afaf-b9a4759c611b",
          },
          Object {
            "id": "8ebfb468-dedc-4b7a-b6ef-7d7892763000",
          },
          Object {
            "id": "cc9f50ce-0e47-49a1-aa11-825949683ab7",
          },
          Object {
            "id": "18f0e6a5-d7ee-494b-95fa-d6dc8deda3bc",
          },
          Object {
            "id": "e68bc4b0-ecdc-4bb8-8de8-717eca315fc9",
          },
          Object {
            "id": "627705cd-5553-46c5-8001-5c10dc39f463",
          },
          Object {
            "id": "2f88eb47-7f2e-4dcf-bc15-85208e887b96",
          },
          Object {
            "id": "53257c1b-ebda-41a4-9635-6687e1ca2135",
          },
          Object {
            "id": "ba15417f-0e35-4be3-a2f4-c159b2aef802",
          },
          Object {
            "id": "087c56ce-70f0-491f-94f0-138d75de460c",
          },
          Object {
            "id": "e51b63b9-314d-4881-a11d-8cabc99eb630",
          },
          Object {
            "id": "da5bcf7f-a5c1-45d7-a32c-d49b2cc30f5a",
          },
          Object {
            "id": "452beb97-ca04-4189-80b0-7a58b08f6fdf",
          },
          Object {
            "id": "eac05ef8-f902-419e-9e89-c31c6b640c6f",
          },
          Object {
            "id": "bf90df66-c734-468f-924a-405c032ca40d",
          },
          Object {
            "id": "d9c069b6-9bff-4ece-b190-a3a4214a8d2e",
          },
          Object {
            "id": "9ea42839-dde4-4b7f-801e-d9f0355e11fe",
          },
          Object {
            "id": "2d4dbe5e-f64c-4b82-b9ba-6846820f7c74",
          },
          Object {
            "id": "08380263-b011-45e6-8c33-254cfc4a3fbc",
          },
          Object {
            "id": "7afcf141-b77b-478b-903b-c297ae72922b",
          },
          Object {
            "id": "5c5551a7-d2b4-4b90-915b-aab94ef32b93",
          },
          Object {
            "id": "173ef18a-0a48-4384-9c19-55dd8f8ba309",
          },
          Object {
            "id": "d5f4ca33-8e66-4f64-aeb9-99e5daf52e13",
          },
          Object {
            "id": "a8fdce18-3b78-4a6a-a886-24d922d85299",
          },
          Object {
            "id": "79072f8d-92f4-4451-b66b-fd4c4c26b8a4",
          },
          Object {
            "id": "82465e28-cae8-4424-8e76-ab50e75e87ba",
          },
          Object {
            "id": "835ed94c-bda4-4144-a106-0986fe87fe29",
          },
          Object {
            "id": "fd5e7cbb-562f-4c2d-8223-b1982ae5d1db",
          },
          Object {
            "id": "432f9c48-54dc-478b-9f0d-555124ea2bb9",
          },
          Object {
            "id": "a2847315-8bf1-49c1-961a-87bcf094bfe9",
          },
          Object {
            "id": "74722b62-c7c9-41ad-be17-3e365b1c54bf",
          },
          Object {
            "id": "715ed799-23e9-4fc8-a737-29b73e034f61",
          },
          Object {
            "id": "ba84f084-3c33-4ece-b0a5-f2946296ced8",
          },
          Object {
            "id": "cf27938b-8b60-4854-8373-135f668179da",
          },
          Object {
            "id": "619b7e06-09c2-414e-beaf-ce166bbd666e",
          },
          Object {
            "id": "c16e08a4-4a6d-4847-9bfc-fab631ecb1b0",
          },
          Object {
            "id": "98801245-d3c2-436e-bf65-35f0b3f9a6d9",
          },
          Object {
            "id": "d8f82204-a0b6-4563-b3be-df0bd399e71d",
          },
          Object {
            "id": "6edaeae5-aef4-41eb-b138-4f05327da633",
          },
          Object {
            "id": "05453bfa-1159-495d-8bb2-95d6519dc5b1",
          },
          Object {
            "id": "26f1fc68-1717-40f6-abbe-bebfd03eb09f",
          },
          Object {
            "id": "e810b4c4-bf38-419d-ab01-4a03c8e5514f",
          },
          Object {
            "id": "c734b2ce-f9b9-4375-89fd-72ab4a285af8",
          },
          Object {
            "id": "4e82a434-2b98-4fa4-bcf6-ba6bc9efc822",
          },
        ],
        "name": "BreaK",
      },
    },
  },
  "statusCode": 200,
}
`;

exports[`model :: Player and Match retrieves new players from the PUBG api 1`] = `
Object {
  "result": Object {
    "data": Object {
      "player": Object {
        "id": "account.a36bed11ed214557b0ddef9ef1a56d07",
        "matches": Array [
          Object {
            "id": "adf03e47-dc31-4c43-a48c-19a094b4d86f",
          },
          Object {
            "id": "e1ede484-a581-439a-ab1c-e9d15ed502e7",
          },
          Object {
            "id": "e2b22249-3ffb-4b20-a7d5-0fdd81a855f5",
          },
          Object {
            "id": "f667b955-8f3d-43a0-b171-409bed7ff87b",
          },
          Object {
            "id": "690a4884-4898-4d3a-a02b-0b1ef7b371fa",
          },
          Object {
            "id": "170e0677-8948-4a3a-9aee-f6edbc063b6c",
          },
          Object {
            "id": "6fedabaf-ad7c-4f9c-afaf-b9a4759c611b",
          },
          Object {
            "id": "8ebfb468-dedc-4b7a-b6ef-7d7892763000",
          },
          Object {
            "id": "cc9f50ce-0e47-49a1-aa11-825949683ab7",
          },
          Object {
            "id": "18f0e6a5-d7ee-494b-95fa-d6dc8deda3bc",
          },
          Object {
            "id": "e68bc4b0-ecdc-4bb8-8de8-717eca315fc9",
          },
          Object {
            "id": "627705cd-5553-46c5-8001-5c10dc39f463",
          },
          Object {
            "id": "2f88eb47-7f2e-4dcf-bc15-85208e887b96",
          },
          Object {
            "id": "53257c1b-ebda-41a4-9635-6687e1ca2135",
          },
          Object {
            "id": "ba15417f-0e35-4be3-a2f4-c159b2aef802",
          },
          Object {
            "id": "087c56ce-70f0-491f-94f0-138d75de460c",
          },
          Object {
            "id": "e51b63b9-314d-4881-a11d-8cabc99eb630",
          },
          Object {
            "id": "da5bcf7f-a5c1-45d7-a32c-d49b2cc30f5a",
          },
          Object {
            "id": "452beb97-ca04-4189-80b0-7a58b08f6fdf",
          },
          Object {
            "id": "eac05ef8-f902-419e-9e89-c31c6b640c6f",
          },
          Object {
            "id": "bf90df66-c734-468f-924a-405c032ca40d",
          },
          Object {
            "id": "d9c069b6-9bff-4ece-b190-a3a4214a8d2e",
          },
          Object {
            "id": "9ea42839-dde4-4b7f-801e-d9f0355e11fe",
          },
          Object {
            "id": "2d4dbe5e-f64c-4b82-b9ba-6846820f7c74",
          },
          Object {
            "id": "08380263-b011-45e6-8c33-254cfc4a3fbc",
          },
          Object {
            "id": "7afcf141-b77b-478b-903b-c297ae72922b",
          },
          Object {
            "id": "5c5551a7-d2b4-4b90-915b-aab94ef32b93",
          },
          Object {
            "id": "173ef18a-0a48-4384-9c19-55dd8f8ba309",
          },
          Object {
            "id": "d5f4ca33-8e66-4f64-aeb9-99e5daf52e13",
          },
          Object {
            "id": "a8fdce18-3b78-4a6a-a886-24d922d85299",
          },
          Object {
            "id": "79072f8d-92f4-4451-b66b-fd4c4c26b8a4",
          },
          Object {
            "id": "82465e28-cae8-4424-8e76-ab50e75e87ba",
          },
          Object {
            "id": "835ed94c-bda4-4144-a106-0986fe87fe29",
          },
          Object {
            "id": "fd5e7cbb-562f-4c2d-8223-b1982ae5d1db",
          },
          Object {
            "id": "432f9c48-54dc-478b-9f0d-555124ea2bb9",
          },
          Object {
            "id": "a2847315-8bf1-49c1-961a-87bcf094bfe9",
          },
          Object {
            "id": "74722b62-c7c9-41ad-be17-3e365b1c54bf",
          },
          Object {
            "id": "715ed799-23e9-4fc8-a737-29b73e034f61",
          },
          Object {
            "id": "ba84f084-3c33-4ece-b0a5-f2946296ced8",
          },
          Object {
            "id": "cf27938b-8b60-4854-8373-135f668179da",
          },
          Object {
            "id": "619b7e06-09c2-414e-beaf-ce166bbd666e",
          },
          Object {
            "id": "c16e08a4-4a6d-4847-9bfc-fab631ecb1b0",
          },
          Object {
            "id": "98801245-d3c2-436e-bf65-35f0b3f9a6d9",
          },
          Object {
            "id": "d8f82204-a0b6-4563-b3be-df0bd399e71d",
          },
          Object {
            "id": "6edaeae5-aef4-41eb-b138-4f05327da633",
          },
          Object {
            "id": "05453bfa-1159-495d-8bb2-95d6519dc5b1",
          },
          Object {
            "id": "26f1fc68-1717-40f6-abbe-bebfd03eb09f",
          },
          Object {
            "id": "e810b4c4-bf38-419d-ab01-4a03c8e5514f",
          },
          Object {
            "id": "c734b2ce-f9b9-4375-89fd-72ab4a285af8",
          },
          Object {
            "id": "4e82a434-2b98-4fa4-bcf6-ba6bc9efc822",
          },
        ],
        "name": "BreaK",
      },
    },
  },
  "statusCode": 200,
}
`;
